  Geri y├╝klenecek projeler belirleniyor...
C:\Users\yakup\source\repos\VetClinicSolution\VetClinic.UI1\VetClinic.UI1.csproj : warning NU1603: VetClinic.UI1, DevExpress.Win (>= 24.1.3) ├Â─şesine ba─şl─▒ ancak DevExpress.Win 24.1.3 bulunamad─▒. Bunun yerine DevExpress.Win 25.1.3 ├ğ├Âz├╝mlendi.
C:\Users\yakup\source\repos\VetClinicSolution\VetClinic.UI1\VetClinic.UI1.csproj : warning NU1603: VetClinic.UI1, DevExpress.Win.Design (>= 24.1.3) ├Â─şesine ba─şl─▒ ancak DevExpress.Win.Design 24.1.3 bulunamad─▒. Bunun yerine DevExpress.Win.Design 25.1.3 ├ğ├Âz├╝mlendi.
  Geri y├╝kleme i├ğin t├╝m projeler g├╝ncel.
C:\Users\yakup\source\repos\VetClinicSolution\VetClinic.UI1\VetClinic.UI1.csproj : warning NU1603: VetClinic.UI1, DevExpress.Win (>= 24.1.3) ├Â─şesine ba─şl─▒ ancak DevExpress.Win 24.1.3 bulunamad─▒. Bunun yerine DevExpress.Win 25.1.3 ├ğ├Âz├╝mlendi.
C:\Users\yakup\source\repos\VetClinicSolution\VetClinic.UI1\VetClinic.UI1.csproj : warning NU1603: VetClinic.UI1, DevExpress.Win.Design (>= 24.1.3) ├Â─şesine ba─şl─▒ ancak DevExpress.Win.Design 24.1.3 bulunamad─▒. Bunun yerine DevExpress.Win.Design 25.1.3 ├ğ├Âz├╝mlendi.
CSC : warning DX1000: For evaluation purposes only. Redistribution prohibited. Please purchase a license to continue use of the following DevExpress product libraries: DevExpress.Xtra*/DevExpress.Win* - Included in Subscriptions: Universal, DXperience, WinForms (devexpress.com/DX1000) [C:\Users\yakup\source\repos\VetClinicSolution\VetClinic.UI1\VetClinic.UI1.csproj]
C:\Users\yakup\source\repos\VetClinicSolution\VetClinic.UI1\HastaVeriYonetimi.cs(25,30): warning CS0168: 'ex' de─şi┼şkeni ifade edilir ancak hi├ğbir zaman kullan─▒lmaz [C:\Users\yakup\source\repos\VetClinicSolution\VetClinic.UI1\VetClinic.UI1.csproj]
C:\Users\yakup\source\repos\VetClinicSolution\VetClinic.UI1\HastaVeriYonetimi.cs(45,30): warning CS0168: 'ex' de─şi┼şkeni ifade edilir ancak hi├ğbir zaman kullan─▒lmaz [C:\Users\yakup\source\repos\VetClinicSolution\VetClinic.UI1\VetClinic.UI1.csproj]
C:\Users\yakup\source\repos\VetClinicSolution\VetClinic.UI1\MainForm.cs(397,17): warning CS0219: 'currentY' de─şi┼şkeni atan─▒r ancak de─şeri hi├ğbir zaman kullan─▒lmaz [C:\Users\yakup\source\repos\VetClinicSolution\VetClinic.UI1\VetClinic.UI1.csproj]
C:\Users\yakup\source\repos\VetClinicSolution\VetClinic.UI1\MainForm.cs(398,22): warning CS0219: 'fields' de─şi┼şkeni atan─▒r ancak de─şeri hi├ğbir zaman kullan─▒lmaz [C:\Users\yakup\source\repos\VetClinicSolution\VetClinic.UI1\VetClinic.UI1.csproj]
C:\Users\yakup\source\repos\VetClinicSolution\VetClinic.UI1\MainForm.cs(1213,33): error CS1061: 'RepositoryItemMemoEdit' bir 'PlaceholderText' tan─▒m─▒ i├ğermiyor ve 'RepositoryItemMemoEdit' t├╝r├╝nde bir ilk ba─ş─▒ms─▒z de─şi┼şken kabul eden hi├ğbir eri┼şilebilir 'PlaceholderText' geni┼şletme y├Ântemi bulunamad─▒ (bir kullanma y├Ânergeniz veya derleme ba┼şvurunuz eksik olabilir mi?) [C:\Users\yakup\source\repos\VetClinicSolution\VetClinic.UI1\VetClinic.UI1.csproj]

Olu┼şturma BA┼ŞARISIZ OLDU.

C:\Users\yakup\source\repos\VetClinicSolution\VetClinic.UI1\VetClinic.UI1.csproj : warning NU1603: VetClinic.UI1, DevExpress.Win (>= 24.1.3) ├Â─şesine ba─şl─▒ ancak DevExpress.Win 24.1.3 bulunamad─▒. Bunun yerine DevExpress.Win 25.1.3 ├ğ├Âz├╝mlendi.
C:\Users\yakup\source\repos\VetClinicSolution\VetClinic.UI1\VetClinic.UI1.csproj : warning NU1603: VetClinic.UI1, DevExpress.Win.Design (>= 24.1.3) ├Â─şesine ba─şl─▒ ancak DevExpress.Win.Design 24.1.3 bulunamad─▒. Bunun yerine DevExpress.Win.Design 25.1.3 ├ğ├Âz├╝mlendi.
C:\Users\yakup\source\repos\VetClinicSolution\VetClinic.UI1\VetClinic.UI1.csproj : warning NU1603: VetClinic.UI1, DevExpress.Win (>= 24.1.3) ├Â─şesine ba─şl─▒ ancak DevExpress.Win 24.1.3 bulunamad─▒. Bunun yerine DevExpress.Win 25.1.3 ├ğ├Âz├╝mlendi.
C:\Users\yakup\source\repos\VetClinicSolution\VetClinic.UI1\VetClinic.UI1.csproj : warning NU1603: VetClinic.UI1, DevExpress.Win.Design (>= 24.1.3) ├Â─şesine ba─şl─▒ ancak DevExpress.Win.Design 24.1.3 bulunamad─▒. Bunun yerine DevExpress.Win.Design 25.1.3 ├ğ├Âz├╝mlendi.
CSC : warning DX1000: For evaluation purposes only. Redistribution prohibited. Please purchase a license to continue use of the following DevExpress product libraries: DevExpress.Xtra*/DevExpress.Win* - Included in Subscriptions: Universal, DXperience, WinForms (devexpress.com/DX1000) [C:\Users\yakup\source\repos\VetClinicSolution\VetClinic.UI1\VetClinic.UI1.csproj]
C:\Users\yakup\source\repos\VetClinicSolution\VetClinic.UI1\HastaVeriYonetimi.cs(25,30): warning CS0168: 'ex' de─şi┼şkeni ifade edilir ancak hi├ğbir zaman kullan─▒lmaz [C:\Users\yakup\source\repos\VetClinicSolution\VetClinic.UI1\VetClinic.UI1.csproj]
C:\Users\yakup\source\repos\VetClinicSolution\VetClinic.UI1\HastaVeriYonetimi.cs(45,30): warning CS0168: 'ex' de─şi┼şkeni ifade edilir ancak hi├ğbir zaman kullan─▒lmaz [C:\Users\yakup\source\repos\VetClinicSolution\VetClinic.UI1\VetClinic.UI1.csproj]
C:\Users\yakup\source\repos\VetClinicSolution\VetClinic.UI1\MainForm.cs(397,17): warning CS0219: 'currentY' de─şi┼şkeni atan─▒r ancak de─şeri hi├ğbir zaman kullan─▒lmaz [C:\Users\yakup\source\repos\VetClinicSolution\VetClinic.UI1\VetClinic.UI1.csproj]
C:\Users\yakup\source\repos\VetClinicSolution\VetClinic.UI1\MainForm.cs(398,22): warning CS0219: 'fields' de─şi┼şkeni atan─▒r ancak de─şeri hi├ğbir zaman kullan─▒lmaz [C:\Users\yakup\source\repos\VetClinicSolution\VetClinic.UI1\VetClinic.UI1.csproj]
C:\Users\yakup\source\repos\VetClinicSolution\VetClinic.UI1\MainForm.cs(1213,33): error CS1061: 'RepositoryItemMemoEdit' bir 'PlaceholderText' tan─▒m─▒ i├ğermiyor ve 'RepositoryItemMemoEdit' t├╝r├╝nde bir ilk ba─ş─▒ms─▒z de─şi┼şken kabul eden hi├ğbir eri┼şilebilir 'PlaceholderText' geni┼şletme y├Ântemi bulunamad─▒ (bir kullanma y├Ânergeniz veya derleme ba┼şvurunuz eksik olabilir mi?) [C:\Users\yakup\source\repos\VetClinicSolution\VetClinic.UI1\VetClinic.UI1.csproj]
    9 Uyar─▒
    1 Hata

Ge├ğen S├╝re 00:00:01.91
