  Geri y├╝klenecek projeler belirleniyor...
C:\Users\yakup\source\repos\VetClinicSolution\VetClinic.UI1\VetClinic.UI1.csproj : warning NU1603: VetClinic.UI1, DevExpress.Win (>= 24.1.3) ├Â─şesine ba─şl─▒ ancak DevExpress.Win 24.1.3 bulunamad─▒. Bunun yerine DevExpress.Win 25.1.3 ├ğ├Âz├╝mlendi.
C:\Users\yakup\source\repos\VetClinicSolution\VetClinic.UI1\VetClinic.UI1.csproj : warning NU1603: VetClinic.UI1, DevExpress.Win.Design (>= 24.1.3) ├Â─şesine ba─şl─▒ ancak DevExpress.Win.Design 24.1.3 bulunamad─▒. Bunun yerine DevExpress.Win.Design 25.1.3 ├ğ├Âz├╝mlendi.
  Geri y├╝kleme i├ğin t├╝m projeler g├╝ncel.
C:\Users\yakup\source\repos\VetClinicSolution\VetClinic.UI1\VetClinic.UI1.csproj : warning NU1603: VetClinic.UI1, DevExpress.Win (>= 24.1.3) ├Â─şesine ba─şl─▒ ancak DevExpress.Win 24.1.3 bulunamad─▒. Bunun yerine DevExpress.Win 25.1.3 ├ğ├Âz├╝mlendi.
C:\Users\yakup\source\repos\VetClinicSolution\VetClinic.UI1\VetClinic.UI1.csproj : warning NU1603: VetClinic.UI1, DevExpress.Win.Design (>= 24.1.3) ├Â─şesine ba─şl─▒ ancak DevExpress.Win.Design 24.1.3 bulunamad─▒. Bunun yerine DevExpress.Win.Design 25.1.3 ├ğ├Âz├╝mlendi.
C:\Users\yakup\source\repos\VetClinicSolution\VetClinic.UI1\MainForm.cs(1172,9): error CS1519: Invalid token '}' in a member declaration [C:\Users\yakup\source\repos\VetClinicSolution\VetClinic.UI1\VetClinic.UI1.csproj]

Olu┼şturma BA┼ŞARISIZ OLDU.

C:\Users\yakup\source\repos\VetClinicSolution\VetClinic.UI1\VetClinic.UI1.csproj : warning NU1603: VetClinic.UI1, DevExpress.Win (>= 24.1.3) ├Â─şesine ba─şl─▒ ancak DevExpress.Win 24.1.3 bulunamad─▒. Bunun yerine DevExpress.Win 25.1.3 ├ğ├Âz├╝mlendi.
C:\Users\yakup\source\repos\VetClinicSolution\VetClinic.UI1\VetClinic.UI1.csproj : warning NU1603: VetClinic.UI1, DevExpress.Win.Design (>= 24.1.3) ├Â─şesine ba─şl─▒ ancak DevExpress.Win.Design 24.1.3 bulunamad─▒. Bunun yerine DevExpress.Win.Design 25.1.3 ├ğ├Âz├╝mlendi.
C:\Users\yakup\source\repos\VetClinicSolution\VetClinic.UI1\VetClinic.UI1.csproj : warning NU1603: VetClinic.UI1, DevExpress.Win (>= 24.1.3) ├Â─şesine ba─şl─▒ ancak DevExpress.Win 24.1.3 bulunamad─▒. Bunun yerine DevExpress.Win 25.1.3 ├ğ├Âz├╝mlendi.
C:\Users\yakup\source\repos\VetClinicSolution\VetClinic.UI1\VetClinic.UI1.csproj : warning NU1603: VetClinic.UI1, DevExpress.Win.Design (>= 24.1.3) ├Â─şesine ba─şl─▒ ancak DevExpress.Win.Design 24.1.3 bulunamad─▒. Bunun yerine DevExpress.Win.Design 25.1.3 ├ğ├Âz├╝mlendi.
C:\Users\yakup\source\repos\VetClinicSolution\VetClinic.UI1\MainForm.cs(1172,9): error CS1519: Invalid token '}' in a member declaration [C:\Users\yakup\source\repos\VetClinicSolution\VetClinic.UI1\VetClinic.UI1.csproj]
    4 Uyar─▒
    1 Hata

Ge├ğen S├╝re 00:00:01.72
