c:\Users\yakup\source\repos\VetClinicSolution\VetClinic.DAL\Hasta.cs(7,16): error CS0246: 'DateTime' t├╝r├╝ veya ad alan─▒ ad─▒ bulunamad─▒ (bir using y├Ânergeniz veya derleme ba┼şvurunuz mu eksik?) [c:\Users\yakup\source\repos\VetClinicSolution\VetClinic.DAL\VetClinic.DAL.csproj]

Olu┼şturma BA┼ŞARISIZ OLDU.
    0 Uyar─▒
    1 Hata

Ge├ğen S├╝re 00:00:01.34
